INFO:     Will watch for changes in these directories: ['D:\\integrated-simworld2\\backend']
INFO:     Uvicorn running on http://0.0.0.0:8888 (Press CTRL+C to quit)
INFO:     Started reloader process [24048] using WatchFiles
INFO:     Started server process [20356]
INFO:     Waiting for application startup.
INFO:     Application startup complete.
INFO:     ('114.36.235.36', 0) - "WebSocket /ws/gps" [accepted]
INFO:     connection open
INFO:app.main:\u2705 裝置已註冊: device-mo7bc (\U0001f4bb 電腦_160)  連線數: 1
Exception in thread Thread-1 (_readerthread):
Traceback (most recent call last):
  File "C:\Program Files\WindowsApps\PythonSoftwareFoundation.Python.3.10_3.10.3056.0_x64__qbz5n2kfra8p0\lib\threading.py", line 1016, in _bootstrap_inner
    self.run()
  File "C:\Program Files\WindowsApps\PythonSoftwareFoundation.Python.3.10_3.10.3056.0_x64__qbz5n2kfra8p0\lib\threading.py", line 953, in run
    self._target(*self._args, **self._kwargs)
  File "C:\Program Files\WindowsApps\PythonSoftwareFoundation.Python.3.10_3.10.3056.0_x64__qbz5n2kfra8p0\lib\subprocess.py", line 1515, in _readerthread
    buffer.append(fh.read())
UnicodeDecodeError: 'cp950' codec can't decode byte 0x91 in position 64: illegal multibyte sequence
INFO:app.main:Simulation request: scene=T-572AC4CBF3, map_type=iss, devices=3, overlay_scene=True
WARNING:app.sionna_service_lite:scikit-image not available; CFAR peak detection will use fallback.
INFO:app.sionna_service_lite:Loaded 87 scene footprint mesh(es), scene bounds x=[-370.5, 422.4], y=[-378.8, 427.6]
INFO:app.sionna_service_lite:Loading Sionna scene: D:\integrated-simworld2\backend\app\static\scenes\T-572AC4CBF3\T-572AC4CBF3.xml
INFO:app.sionna_service_lite:Added TX 'tx-0' at Sionna [30.0, 75.0, 0.0], 60.0 dBm
INFO:app.sionna_service_lite:Added Jammer 'jam-0' at Sionna [-80.0, -10.0, 0.0], 60.0 dBm
INFO:app.sionna_service_lite:Added RX 'rx-0' at Sionna [80.0, 25.0, 10.0]
INFO:app.sionna_service_lite:Running RadioMapSolver: cell_size=3.0, samples=100000000
INFO:app.sionna_service_lite:Plot scale for ISS map: vmin=-60.00 dBm, vmax=0.00 dBm
INFO:app.sionna_service_lite:Saved ISS map to D:\integrated-simworld2\backend\app\static\maps\t-572ac4cbf3\iss_map.png (406497 bytes)
INFO:app.main:Simulation request: scene=T-572AC4CBF3, map_type=cfar, devices=3, overlay_scene=True
INFO:app.sionna_service_lite:Loaded 87 scene footprint mesh(es), scene bounds x=[-370.5, 422.4], y=[-378.8, 427.6]
INFO:app.sionna_service_lite:Loading Sionna scene: D:\integrated-simworld2\backend\app\static\scenes\T-572AC4CBF3\T-572AC4CBF3.xml
INFO:app.sionna_service_lite:Added TX 'tx-0' at Sionna [30.0, 75.0, 0.0], 60.0 dBm
INFO:app.sionna_service_lite:Added Jammer 'jam-0' at Sionna [-80.0, -10.0, 0.0], 60.0 dBm
INFO:app.sionna_service_lite:Added RX 'rx-0' at Sionna [80.0, 25.0, 10.0]
INFO:app.sionna_service_lite:Running RadioMapSolver: cell_size=3.0, samples=100000000
INFO:app.sionna_service_lite:Plot scale for CFAR map: vmin=-60.00 dBm, vmax=0.00 dBm
INFO:app.sionna_service_lite:Saved CFAR map to D:\integrated-simworld2\backend\app\static\maps\t-572ac4cbf3\cfar_map.png (408643 bytes)
INFO:app.main:\U0001f4e1 裝置斷線: device-mo7bc  連線數: 0
INFO:app.main:\U0001f4e1 裝置斷線: device-mo7bc  連線數: 0
INFO:     connection closed
INFO:     Shutting down
INFO:     Waiting for application shutdown.
INFO:     Application shutdown complete.
INFO:     Finished server process [20356]
INFO:     Stopping reloader process [24048]
